<?xml version="1.0" encoding="utf-8"?>
<TestRun id="9415dd1b-edbf-450e-9b4c-7d3b0eee3b59" name="mrunalini@DESKTOP-KJ1CJBO 2021-05-06 13:06:53" runUser="DESKTOP-KJ1CJBO\mrunalini" xmlns="http://microsoft.com/schemas/VisualStudio/TeamTest/2010">
  <Times creation="2021-05-06T13:06:53.8577916+05:30" queuing="2021-05-06T13:06:53.8577926+05:30" start="2021-05-06T13:06:52.9003093+05:30" finish="2021-05-06T13:06:53.9078705+05:30" />
  <TestSettings name="default" id="afd141a5-24b0-43e3-b2a9-fc7d282339ae">
    <Deployment runDeploymentRoot="mrunalini_DESKTOP-KJ1CJBO_2021-05-06_13_06_53" />
  </TestSettings>
  <Results>
    <UnitTestResult executionId="773f910e-daf6-4932-9ba9-7d4e4119fb9a" testId="1585d623-f5ae-2d83-13a1-4d36069c6e9b" testName="CheckInsertCoin(TENCENTS)" computerName="DESKTOP-KJ1CJBO" duration="00:00:00.0000960" startTime="2021-05-06T13:06:53.0000000+05:30" endTime="2021-05-06T13:06:53.0000000+05:30" testType="13cdc9d9-ddb5-4fa4-a97d-d965ccfc6d4b" outcome="Passed" testListId="8c84fa94-04c1-424b-9868-57a2d4851a1d" relativeResultsDirectory="773f910e-daf6-4932-9ba9-7d4e4119fb9a" />
    <UnitTestResult executionId="1da0d947-b3cd-407b-a8ed-e030d645fca1" testId="47ed38f0-7932-57d3-f201-786ce9349d02" testName="CheckBuy_When_NoProductPresentAtRowAndColumnNumber" computerName="DESKTOP-KJ1CJBO" duration="00:00:00.0004600" startTime="2021-05-06T13:06:53.0000000+05:30" endTime="2021-05-06T13:06:53.0000000+05:30" testType="13cdc9d9-ddb5-4fa4-a97d-d965ccfc6d4b" outcome="Passed" testListId="8c84fa94-04c1-424b-9868-57a2d4851a1d" relativeResultsDirectory="1da0d947-b3cd-407b-a8ed-e030d645fca1" />
    <UnitTestResult executionId="633c2161-1240-4ffe-b37a-0e65515b4ece" testId="854257ec-6e69-f4d5-ec8a-b2a33617d7db" testName="CheckVendingMachineHasWhenNoDrinksProvided" computerName="DESKTOP-KJ1CJBO" duration="00:00:00.0088530" startTime="2021-05-06T13:06:53.0000000+05:30" endTime="2021-05-06T13:06:53.0000000+05:30" testType="13cdc9d9-ddb5-4fa4-a97d-d965ccfc6d4b" outcome="Passed" testListId="8c84fa94-04c1-424b-9868-57a2d4851a1d" relativeResultsDirectory="633c2161-1240-4ffe-b37a-0e65515b4ece" />
    <UnitTestResult executionId="a2e2dbe1-f569-4707-906a-72a05d02f711" testId="103a5aab-f775-2ef0-13b1-36e7c76bb043" testName="CheckVendingMachineHasAllDrinksPlaced" computerName="DESKTOP-KJ1CJBO" duration="00:00:00.0164760" startTime="2021-05-06T13:06:53.0000000+05:30" endTime="2021-05-06T13:06:53.0000000+05:30" testType="13cdc9d9-ddb5-4fa4-a97d-d965ccfc6d4b" outcome="Passed" testListId="8c84fa94-04c1-424b-9868-57a2d4851a1d" relativeResultsDirectory="a2e2dbe1-f569-4707-906a-72a05d02f711" />
    <UnitTestResult executionId="7ae29b72-0305-4f7f-837c-6a7fecbcece8" testId="be21c68a-d005-e833-9985-66ed1b1d5757" testName="CheckInsertCoin(TWENTYCENTS)" computerName="DESKTOP-KJ1CJBO" duration="00:00:00.0001030" startTime="2021-05-06T13:06:53.0000000+05:30" endTime="2021-05-06T13:06:53.0000000+05:30" testType="13cdc9d9-ddb5-4fa4-a97d-d965ccfc6d4b" outcome="Passed" testListId="8c84fa94-04c1-424b-9868-57a2d4851a1d" relativeResultsDirectory="7ae29b72-0305-4f7f-837c-6a7fecbcece8" />
    <UnitTestResult executionId="baade67d-09e3-4db5-8f29-8f8cdaf8b021" testId="636dc8a9-ceae-e8e4-27f7-6629f86bcd46" testName="CheckInsertCoin(ONEEURO)" computerName="DESKTOP-KJ1CJBO" duration="00:00:00.0012049" startTime="2021-05-06T13:06:53.0000000+05:30" endTime="2021-05-06T13:06:53.0000000+05:30" testType="13cdc9d9-ddb5-4fa4-a97d-d965ccfc6d4b" outcome="Passed" testListId="8c84fa94-04c1-424b-9868-57a2d4851a1d" relativeResultsDirectory="baade67d-09e3-4db5-8f29-8f8cdaf8b021" />
    <UnitTestResult executionId="7f9acd57-5628-4452-9d88-1dcd06e5d496" testId="7993ddba-f5d0-8bdb-7dda-17593b213a59" testName="CheckRefund_When_NoPurchaseDone" computerName="DESKTOP-KJ1CJBO" duration="00:00:00.0002790" startTime="2021-05-06T13:06:53.0000000+05:30" endTime="2021-05-06T13:06:53.0000000+05:30" testType="13cdc9d9-ddb5-4fa4-a97d-d965ccfc6d4b" outcome="Passed" testListId="8c84fa94-04c1-424b-9868-57a2d4851a1d" relativeResultsDirectory="7f9acd57-5628-4452-9d88-1dcd06e5d496" />
    <UnitTestResult executionId="c6db3225-9f18-44ac-8df4-77bcf264650c" testId="1e145f5b-f3e7-6541-54c8-32c73b6c3795" testName="CheckInsertCoin(FIFTYCENTS)" computerName="DESKTOP-KJ1CJBO" duration="00:00:00.0000950" startTime="2021-05-06T13:06:53.0000000+05:30" endTime="2021-05-06T13:06:53.0000000+05:30" testType="13cdc9d9-ddb5-4fa4-a97d-d965ccfc6d4b" outcome="Passed" testListId="8c84fa94-04c1-424b-9868-57a2d4851a1d" relativeResultsDirectory="c6db3225-9f18-44ac-8df4-77bcf264650c" />
    <UnitTestResult executionId="140cf55a-bcdf-4f21-9736-75d5b9c49f8a" testId="d6da3e15-7a26-f3fe-4b37-e4dec6139ff0" testName="CheckBuy_When_InsertCoinsAreLessThanPrice" computerName="DESKTOP-KJ1CJBO" duration="00:00:00.0017390" startTime="2021-05-06T13:06:53.0000000+05:30" endTime="2021-05-06T13:06:53.0000000+05:30" testType="13cdc9d9-ddb5-4fa4-a97d-d965ccfc6d4b" outcome="Passed" testListId="8c84fa94-04c1-424b-9868-57a2d4851a1d" relativeResultsDirectory="140cf55a-bcdf-4f21-9736-75d5b9c49f8a" />
    <UnitTestResult executionId="6f49a241-23b4-43e7-b1fc-32b3b7f26276" testId="0df4c113-3734-f332-d12a-d01f2c12f60c" testName="CheckInsertCoin(TWOEURO)" computerName="DESKTOP-KJ1CJBO" duration="00:00:00.0001250" startTime="2021-05-06T13:06:53.0000000+05:30" endTime="2021-05-06T13:06:53.0000000+05:30" testType="13cdc9d9-ddb5-4fa4-a97d-d965ccfc6d4b" outcome="Passed" testListId="8c84fa94-04c1-424b-9868-57a2d4851a1d" relativeResultsDirectory="6f49a241-23b4-43e7-b1fc-32b3b7f26276" />
    <UnitTestResult executionId="3d477075-5bfd-4eea-9216-281502e9310d" testId="b53e0c07-9a1a-95dd-01d5-e95c3d9205b7" testName="CheckRefund_When_AtleastOnePurchaseDone" computerName="DESKTOP-KJ1CJBO" duration="00:00:00.0006730" startTime="2021-05-06T13:06:53.0000000+05:30" endTime="2021-05-06T13:06:53.0000000+05:30" testType="13cdc9d9-ddb5-4fa4-a97d-d965ccfc6d4b" outcome="Passed" testListId="8c84fa94-04c1-424b-9868-57a2d4851a1d" relativeResultsDirectory="3d477075-5bfd-4eea-9216-281502e9310d" />
    <UnitTestResult executionId="10eb05df-1737-41b7-825b-1dd23132153c" testId="fc5f0e5e-28c5-5b92-e4c0-b8264c9b5e59" testName="CheckBuy_Success_Transaction" computerName="DESKTOP-KJ1CJBO" duration="00:00:00.0003950" startTime="2021-05-06T13:06:53.0000000+05:30" endTime="2021-05-06T13:06:53.0000000+05:30" testType="13cdc9d9-ddb5-4fa4-a97d-d965ccfc6d4b" outcome="Passed" testListId="8c84fa94-04c1-424b-9868-57a2d4851a1d" relativeResultsDirectory="10eb05df-1737-41b7-825b-1dd23132153c" />
    <UnitTestResult executionId="d571d027-f42b-45a1-95ad-2293ff6707e0" testId="cf00a35a-2604-da33-ab8c-b97cc29d923b" testName="CheckAddDrink" computerName="DESKTOP-KJ1CJBO" duration="00:00:00.0097100" startTime="2021-05-06T13:06:53.0000000+05:30" endTime="2021-05-06T13:06:53.0000000+05:30" testType="13cdc9d9-ddb5-4fa4-a97d-d965ccfc6d4b" outcome="Passed" testListId="8c84fa94-04c1-424b-9868-57a2d4851a1d" relativeResultsDirectory="d571d027-f42b-45a1-95ad-2293ff6707e0" />
    <UnitTestResult executionId="dc12d77d-50b3-4815-ab59-86501750f480" testId="0d8495a9-75e7-d8d8-025f-c500c17bd469" testName="CheckInsertCoin(FIVECENTS)" computerName="DESKTOP-KJ1CJBO" duration="00:00:00.0000989" startTime="2021-05-06T13:06:53.0000000+05:30" endTime="2021-05-06T13:06:53.0000000+05:30" testType="13cdc9d9-ddb5-4fa4-a97d-d965ccfc6d4b" outcome="Passed" testListId="8c84fa94-04c1-424b-9868-57a2d4851a1d" relativeResultsDirectory="dc12d77d-50b3-4815-ab59-86501750f480" />
    <UnitTestResult executionId="392faa66-d921-4044-bedf-cdc4aff562e5" testId="13955a92-53e5-57aa-8326-b5dd710516dc" testName="CheckBuy_When_WrongRowAndColumnNoProvided" computerName="DESKTOP-KJ1CJBO" duration="00:00:00.0004830" startTime="2021-05-06T13:06:53.0000000+05:30" endTime="2021-05-06T13:06:53.0000000+05:30" testType="13cdc9d9-ddb5-4fa4-a97d-d965ccfc6d4b" outcome="Passed" testListId="8c84fa94-04c1-424b-9868-57a2d4851a1d" relativeResultsDirectory="392faa66-d921-4044-bedf-cdc4aff562e5" />
  </Results>
  <TestDefinitions>
    <UnitTest name="CheckBuy_When_NoProductPresentAtRowAndColumnNumber" storage="m:\bhavesh\tutor\c#\frisdrankautomaat\frisdrankautomat.test\bin\debug\netcoreapp3.1\frisdrankautomat.test.dll" id="47ed38f0-7932-57d3-f201-786ce9349d02">
      <Execution id="1da0d947-b3cd-407b-a8ed-e030d645fca1" />
      <TestMethod codeBase="M:\Bhavesh\Tutor\C#\FrisdrankAutomaat\FrisdrankAutomat.Test\bin\Debug\netcoreapp3.1\FrisdrankAutomat.Test.dll" adapterTypeName="executor://nunit3testexecutor/" className="FrisdrankAutomat.Test.VendingMachineTest" name="CheckBuy_When_NoProductPresentAtRowAndColumnNumber" />
    </UnitTest>
    <UnitTest name="CheckInsertCoin(TWENTYCENTS)" storage="m:\bhavesh\tutor\c#\frisdrankautomaat\frisdrankautomat.test\bin\debug\netcoreapp3.1\frisdrankautomat.test.dll" id="be21c68a-d005-e833-9985-66ed1b1d5757">
      <Execution id="7ae29b72-0305-4f7f-837c-6a7fecbcece8" />
      <TestMethod codeBase="M:\Bhavesh\Tutor\C#\FrisdrankAutomaat\FrisdrankAutomat.Test\bin\Debug\netcoreapp3.1\FrisdrankAutomat.Test.dll" adapterTypeName="executor://nunit3testexecutor/" className="FrisdrankAutomat.Test.VendingMachineTest" name="CheckInsertCoin(TWENTYCENTS)" />
    </UnitTest>
    <UnitTest name="CheckInsertCoin(FIVECENTS)" storage="m:\bhavesh\tutor\c#\frisdrankautomaat\frisdrankautomat.test\bin\debug\netcoreapp3.1\frisdrankautomat.test.dll" id="0d8495a9-75e7-d8d8-025f-c500c17bd469">
      <Execution id="dc12d77d-50b3-4815-ab59-86501750f480" />
      <TestMethod codeBase="M:\Bhavesh\Tutor\C#\FrisdrankAutomaat\FrisdrankAutomat.Test\bin\Debug\netcoreapp3.1\FrisdrankAutomat.Test.dll" adapterTypeName="executor://nunit3testexecutor/" className="FrisdrankAutomat.Test.VendingMachineTest" name="CheckInsertCoin(FIVECENTS)" />
    </UnitTest>
    <UnitTest name="CheckBuy_Success_Transaction" storage="m:\bhavesh\tutor\c#\frisdrankautomaat\frisdrankautomat.test\bin\debug\netcoreapp3.1\frisdrankautomat.test.dll" id="fc5f0e5e-28c5-5b92-e4c0-b8264c9b5e59">
      <Execution id="10eb05df-1737-41b7-825b-1dd23132153c" />
      <TestMethod codeBase="M:\Bhavesh\Tutor\C#\FrisdrankAutomaat\FrisdrankAutomat.Test\bin\Debug\netcoreapp3.1\FrisdrankAutomat.Test.dll" adapterTypeName="executor://nunit3testexecutor/" className="FrisdrankAutomat.Test.VendingMachineTest" name="CheckBuy_Success_Transaction" />
    </UnitTest>
    <UnitTest name="CheckInsertCoin(FIFTYCENTS)" storage="m:\bhavesh\tutor\c#\frisdrankautomaat\frisdrankautomat.test\bin\debug\netcoreapp3.1\frisdrankautomat.test.dll" id="1e145f5b-f3e7-6541-54c8-32c73b6c3795">
      <Execution id="c6db3225-9f18-44ac-8df4-77bcf264650c" />
      <TestMethod codeBase="M:\Bhavesh\Tutor\C#\FrisdrankAutomaat\FrisdrankAutomat.Test\bin\Debug\netcoreapp3.1\FrisdrankAutomat.Test.dll" adapterTypeName="executor://nunit3testexecutor/" className="FrisdrankAutomat.Test.VendingMachineTest" name="CheckInsertCoin(FIFTYCENTS)" />
    </UnitTest>
    <UnitTest name="CheckRefund_When_NoPurchaseDone" storage="m:\bhavesh\tutor\c#\frisdrankautomaat\frisdrankautomat.test\bin\debug\netcoreapp3.1\frisdrankautomat.test.dll" id="7993ddba-f5d0-8bdb-7dda-17593b213a59">
      <Execution id="7f9acd57-5628-4452-9d88-1dcd06e5d496" />
      <TestMethod codeBase="M:\Bhavesh\Tutor\C#\FrisdrankAutomaat\FrisdrankAutomat.Test\bin\Debug\netcoreapp3.1\FrisdrankAutomat.Test.dll" adapterTypeName="executor://nunit3testexecutor/" className="FrisdrankAutomat.Test.VendingMachineTest" name="CheckRefund_When_NoPurchaseDone" />
    </UnitTest>
    <UnitTest name="CheckVendingMachineHasAllDrinksPlaced" storage="m:\bhavesh\tutor\c#\frisdrankautomaat\frisdrankautomat.test\bin\debug\netcoreapp3.1\frisdrankautomat.test.dll" id="103a5aab-f775-2ef0-13b1-36e7c76bb043">
      <Execution id="a2e2dbe1-f569-4707-906a-72a05d02f711" />
      <TestMethod codeBase="M:\Bhavesh\Tutor\C#\FrisdrankAutomaat\FrisdrankAutomat.Test\bin\Debug\netcoreapp3.1\FrisdrankAutomat.Test.dll" adapterTypeName="executor://nunit3testexecutor/" className="FrisdrankAutomat.Test.VendingMachineTest" name="CheckVendingMachineHasAllDrinksPlaced" />
    </UnitTest>
    <UnitTest name="CheckInsertCoin(ONEEURO)" storage="m:\bhavesh\tutor\c#\frisdrankautomaat\frisdrankautomat.test\bin\debug\netcoreapp3.1\frisdrankautomat.test.dll" id="636dc8a9-ceae-e8e4-27f7-6629f86bcd46">
      <Execution id="baade67d-09e3-4db5-8f29-8f8cdaf8b021" />
      <TestMethod codeBase="M:\Bhavesh\Tutor\C#\FrisdrankAutomaat\FrisdrankAutomat.Test\bin\Debug\netcoreapp3.1\FrisdrankAutomat.Test.dll" adapterTypeName="executor://nunit3testexecutor/" className="FrisdrankAutomat.Test.VendingMachineTest" name="CheckInsertCoin(ONEEURO)" />
    </UnitTest>
    <UnitTest name="CheckVendingMachineHasWhenNoDrinksProvided" storage="m:\bhavesh\tutor\c#\frisdrankautomaat\frisdrankautomat.test\bin\debug\netcoreapp3.1\frisdrankautomat.test.dll" id="854257ec-6e69-f4d5-ec8a-b2a33617d7db">
      <Execution id="633c2161-1240-4ffe-b37a-0e65515b4ece" />
      <TestMethod codeBase="M:\Bhavesh\Tutor\C#\FrisdrankAutomaat\FrisdrankAutomat.Test\bin\Debug\netcoreapp3.1\FrisdrankAutomat.Test.dll" adapterTypeName="executor://nunit3testexecutor/" className="FrisdrankAutomat.Test.VendingMachineTest" name="CheckVendingMachineHasWhenNoDrinksProvided" />
    </UnitTest>
    <UnitTest name="CheckBuy_When_InsertCoinsAreLessThanPrice" storage="m:\bhavesh\tutor\c#\frisdrankautomaat\frisdrankautomat.test\bin\debug\netcoreapp3.1\frisdrankautomat.test.dll" id="d6da3e15-7a26-f3fe-4b37-e4dec6139ff0">
      <Execution id="140cf55a-bcdf-4f21-9736-75d5b9c49f8a" />
      <TestMethod codeBase="M:\Bhavesh\Tutor\C#\FrisdrankAutomaat\FrisdrankAutomat.Test\bin\Debug\netcoreapp3.1\FrisdrankAutomat.Test.dll" adapterTypeName="executor://nunit3testexecutor/" className="FrisdrankAutomat.Test.VendingMachineTest" name="CheckBuy_When_InsertCoinsAreLessThanPrice" />
    </UnitTest>
    <UnitTest name="CheckRefund_When_AtleastOnePurchaseDone" storage="m:\bhavesh\tutor\c#\frisdrankautomaat\frisdrankautomat.test\bin\debug\netcoreapp3.1\frisdrankautomat.test.dll" id="b53e0c07-9a1a-95dd-01d5-e95c3d9205b7">
      <Execution id="3d477075-5bfd-4eea-9216-281502e9310d" />
      <TestMethod codeBase="M:\Bhavesh\Tutor\C#\FrisdrankAutomaat\FrisdrankAutomat.Test\bin\Debug\netcoreapp3.1\FrisdrankAutomat.Test.dll" adapterTypeName="executor://nunit3testexecutor/" className="FrisdrankAutomat.Test.VendingMachineTest" name="CheckRefund_When_AtleastOnePurchaseDone" />
    </UnitTest>
    <UnitTest name="CheckBuy_When_WrongRowAndColumnNoProvided" storage="m:\bhavesh\tutor\c#\frisdrankautomaat\frisdrankautomat.test\bin\debug\netcoreapp3.1\frisdrankautomat.test.dll" id="13955a92-53e5-57aa-8326-b5dd710516dc">
      <Execution id="392faa66-d921-4044-bedf-cdc4aff562e5" />
      <TestMethod codeBase="M:\Bhavesh\Tutor\C#\FrisdrankAutomaat\FrisdrankAutomat.Test\bin\Debug\netcoreapp3.1\FrisdrankAutomat.Test.dll" adapterTypeName="executor://nunit3testexecutor/" className="FrisdrankAutomat.Test.VendingMachineTest" name="CheckBuy_When_WrongRowAndColumnNoProvided" />
    </UnitTest>
    <UnitTest name="CheckAddDrink" storage="m:\bhavesh\tutor\c#\frisdrankautomaat\frisdrankautomat.test\bin\debug\netcoreapp3.1\frisdrankautomat.test.dll" id="cf00a35a-2604-da33-ab8c-b97cc29d923b">
      <Execution id="d571d027-f42b-45a1-95ad-2293ff6707e0" />
      <TestMethod codeBase="M:\Bhavesh\Tutor\C#\FrisdrankAutomaat\FrisdrankAutomat.Test\bin\Debug\netcoreapp3.1\FrisdrankAutomat.Test.dll" adapterTypeName="executor://nunit3testexecutor/" className="FrisdrankAutomat.Test.VendingMachineTest" name="CheckAddDrink" />
    </UnitTest>
    <UnitTest name="CheckInsertCoin(TENCENTS)" storage="m:\bhavesh\tutor\c#\frisdrankautomaat\frisdrankautomat.test\bin\debug\netcoreapp3.1\frisdrankautomat.test.dll" id="1585d623-f5ae-2d83-13a1-4d36069c6e9b">
      <Execution id="773f910e-daf6-4932-9ba9-7d4e4119fb9a" />
      <TestMethod codeBase="M:\Bhavesh\Tutor\C#\FrisdrankAutomaat\FrisdrankAutomat.Test\bin\Debug\netcoreapp3.1\FrisdrankAutomat.Test.dll" adapterTypeName="executor://nunit3testexecutor/" className="FrisdrankAutomat.Test.VendingMachineTest" name="CheckInsertCoin(TENCENTS)" />
    </UnitTest>
    <UnitTest name="CheckInsertCoin(TWOEURO)" storage="m:\bhavesh\tutor\c#\frisdrankautomaat\frisdrankautomat.test\bin\debug\netcoreapp3.1\frisdrankautomat.test.dll" id="0df4c113-3734-f332-d12a-d01f2c12f60c">
      <Execution id="6f49a241-23b4-43e7-b1fc-32b3b7f26276" />
      <TestMethod codeBase="M:\Bhavesh\Tutor\C#\FrisdrankAutomaat\FrisdrankAutomat.Test\bin\Debug\netcoreapp3.1\FrisdrankAutomat.Test.dll" adapterTypeName="executor://nunit3testexecutor/" className="FrisdrankAutomat.Test.VendingMachineTest" name="CheckInsertCoin(TWOEURO)" />
    </UnitTest>
  </TestDefinitions>
  <TestEntries>
    <TestEntry testId="1585d623-f5ae-2d83-13a1-4d36069c6e9b" executionId="773f910e-daf6-4932-9ba9-7d4e4119fb9a" testListId="8c84fa94-04c1-424b-9868-57a2d4851a1d" />
    <TestEntry testId="47ed38f0-7932-57d3-f201-786ce9349d02" executionId="1da0d947-b3cd-407b-a8ed-e030d645fca1" testListId="8c84fa94-04c1-424b-9868-57a2d4851a1d" />
    <TestEntry testId="854257ec-6e69-f4d5-ec8a-b2a33617d7db" executionId="633c2161-1240-4ffe-b37a-0e65515b4ece" testListId="8c84fa94-04c1-424b-9868-57a2d4851a1d" />
    <TestEntry testId="103a5aab-f775-2ef0-13b1-36e7c76bb043" executionId="a2e2dbe1-f569-4707-906a-72a05d02f711" testListId="8c84fa94-04c1-424b-9868-57a2d4851a1d" />
    <TestEntry testId="be21c68a-d005-e833-9985-66ed1b1d5757" executionId="7ae29b72-0305-4f7f-837c-6a7fecbcece8" testListId="8c84fa94-04c1-424b-9868-57a2d4851a1d" />
    <TestEntry testId="636dc8a9-ceae-e8e4-27f7-6629f86bcd46" executionId="baade67d-09e3-4db5-8f29-8f8cdaf8b021" testListId="8c84fa94-04c1-424b-9868-57a2d4851a1d" />
    <TestEntry testId="7993ddba-f5d0-8bdb-7dda-17593b213a59" executionId="7f9acd57-5628-4452-9d88-1dcd06e5d496" testListId="8c84fa94-04c1-424b-9868-57a2d4851a1d" />
    <TestEntry testId="1e145f5b-f3e7-6541-54c8-32c73b6c3795" executionId="c6db3225-9f18-44ac-8df4-77bcf264650c" testListId="8c84fa94-04c1-424b-9868-57a2d4851a1d" />
    <TestEntry testId="d6da3e15-7a26-f3fe-4b37-e4dec6139ff0" executionId="140cf55a-bcdf-4f21-9736-75d5b9c49f8a" testListId="8c84fa94-04c1-424b-9868-57a2d4851a1d" />
    <TestEntry testId="0df4c113-3734-f332-d12a-d01f2c12f60c" executionId="6f49a241-23b4-43e7-b1fc-32b3b7f26276" testListId="8c84fa94-04c1-424b-9868-57a2d4851a1d" />
    <TestEntry testId="b53e0c07-9a1a-95dd-01d5-e95c3d9205b7" executionId="3d477075-5bfd-4eea-9216-281502e9310d" testListId="8c84fa94-04c1-424b-9868-57a2d4851a1d" />
    <TestEntry testId="fc5f0e5e-28c5-5b92-e4c0-b8264c9b5e59" executionId="10eb05df-1737-41b7-825b-1dd23132153c" testListId="8c84fa94-04c1-424b-9868-57a2d4851a1d" />
    <TestEntry testId="cf00a35a-2604-da33-ab8c-b97cc29d923b" executionId="d571d027-f42b-45a1-95ad-2293ff6707e0" testListId="8c84fa94-04c1-424b-9868-57a2d4851a1d" />
    <TestEntry testId="0d8495a9-75e7-d8d8-025f-c500c17bd469" executionId="dc12d77d-50b3-4815-ab59-86501750f480" testListId="8c84fa94-04c1-424b-9868-57a2d4851a1d" />
    <TestEntry testId="13955a92-53e5-57aa-8326-b5dd710516dc" executionId="392faa66-d921-4044-bedf-cdc4aff562e5" testListId="8c84fa94-04c1-424b-9868-57a2d4851a1d" />
  </TestEntries>
  <TestLists>
    <TestList name="Results Not in a List" id="8c84fa94-04c1-424b-9868-57a2d4851a1d" />
    <TestList name="All Loaded Results" id="19431567-8539-422a-85d7-44ee4e166bda" />
  </TestLists>
  <ResultSummary outcome="Completed">
    <Counters total="15" executed="15" passed="15" failed="0" error="0" timeout="0" aborted="0" inconclusive="0" passedButRunAborted="0" notRunnable="0" notExecuted="0" disconnected="0" warning="0" completed="0" inProgress="0" pending="0" />
    <Output>
      <StdOut>NUnit Adapter 3.16.1.0: Test execution started&#xD;
Running all tests in M:\Bhavesh\Tutor\C#\FrisdrankAutomaat\FrisdrankAutomat.Test\bin\Debug\netcoreapp3.1\FrisdrankAutomat.Test.dll&#xD;
   NUnit3TestExecutor converted 15 of 15 NUnit test cases&#xD;
NUnit Adapter 3.16.1.0: Test execution complete&#xD;
</StdOut>
    </Output>
  </ResultSummary>
</TestRun>